[40m[2J[2H[3H[4H[5H[13C[0;1m#1:[36C#2:[6H[19CQ   T   S   R[26CQ   T   S   R[7H[5Ca) [33mArchers:[28C[37ma) [33mArchers:[8H[5C[37mb) [36mFootmen:[28C[37mb) [36mFootmen:[9H[5C[37mc) [0;35mWizards:[28C[1;37mc) [0;35mWizards[s
[u:[10H[5C[1;37md) [31mKnights:[28C[37md) [31mKnights:[11H[5C[37me) [32mDragons:[28C[37me) [32mDragons:[12H[13H[13C[37m#3:[36C#4:[14H[19CQ   T   S   R[26CQ   T   S   R[15H[5Ca) [33mArchers:[28C[37ma) [33mArchers:[16H[5C[s
[u[37mb) [36mFootmen:[28C[37mb) [36mFootmen:[17H[5C[37mc) [0;35mWizards:[28C[1;37mc) [0;35mWizards:[18H[5C[1;37md) [31mKnights:[28C[37md) [31mKnights:[19H[5C[37me) [32mDragons:[28C[37me) [32mDragons:[20H[21H[22H[23H[0m
