[40m[2J[2H[31C[0;1m-=[0;31mCREDITS[1;37m=-[3H[4H[5H[15C[0;31mCREATORS...................... [1;33mPIT FIEND [31m(19 @ 2350)[6H[46C[33mLUKAS[7H[8H[15C[0;31mBETA TESTING.................. [1;36mHz Castle, Eyes of the World[9H[10H[s
[u[22C[0;33mPIT FIEND'S ADVENTURE - VOLUME IV[11H[25C[1;36m"The Siege of the Lands"[12H[31C[33mCopyright 1990[13H[14H[27C[37mREGISTERED VERSION B[15H[16H[14C[32mREGISTERED TO:  [33mBattlemech II BBS (604) 431-3983[17H[18H[19H[20H
[21H[22H[23H[0m
