[40m[2J[30C[0;1m-=[0;31mCREDITS[1;37m=-[2H[3H[4H[12C[0;31mCREATORS......................[1;33mPIT FIEND (42 @3098)[5H[42CLONEWOLF[6H[42CLUKAS[7H[8H[12C[0;31mTHOSE WHO ASSISTED:...........[1;32mJACK OF SPADES[9H[42CSLYSLOP[10H
[11H[25C[0;33mPIT FIEND'S ADVENTURE (C)[12H[10C[1;31mEnhanced Version:  [33mThe Decathalon BBS (900) 370-2727[13H[30C[0;33mCOPYRIGHT 1990[14H[14C[1;32mThis game is dedicated to the fondest memories of:[15H[34C[33mMike[16H[17H[18H
[19H[20H[21H[22H[23H[0m
