

    Welcome to Pit Fiend's Adventure Volume II, "Live Evil".  This
    warning comes up to you once when you first start the game to
    notify of you the following things:

       1)  It is INCREDIBLY important that you have read RULES.DOC
           included in the PITÿFIENDÿII package.  Ask your sysop to
           allow you to download it.....

       2)  This game is very detailed and will take MANY calls to
           complete.  It is important to note that you may need to
           use a notebook to play.

       3)  Donators to the location of title screen #2 will be allowed
           more moves per day rather than the 50 you start with!
           So play the game and if you enjoy it and want to get more
           moves per call, donate!   Read the RULES.DOCÿfor details!

                      ÚÄÄÄÄÄÄÄÄÄÄÄÄÄÄÄÄÄÄÄÄÄÄÄÄÄÄÄÄ¿
                      ³ -= Thanks --- Pit Fiend =- ³
                      ÀÄÄÄÄÄÄÄÄÄÄÄÄÄÄÄÄÄÄÄÄÄÄÄÄÄÄÄÄÙ
*