                     Welcome to Nermal's Alchemy

#  Potion Name          --  Cost in GPS  -- In Your Possession


1.  Potion of Healing        75 Gps
2.  Spellpoint Restoration   50 Gps
3.  Pit Fiend Strength      100 Gps
4.  Loran Intelligence      100 Gps
5.  Elven Luck              100 Gps
6.  Thieving Dexterity      100 Gps
7.  Time Delay (+50 Moves)  500 Gps
8.  Liquid Speed            750 Gps
*








