

                                DONATIONS

                     All Donations in excess of $5.00
                            should be sent to:

                           Community Helpline
                             P.O. Box 2053
                      Palos Verdes Estates, CA 90274
                                  USA

            All Donations Go to The:  COMMUNITY HELPLINE


                    (SEE RULES.DOC FILE FOR DETAILS!)






