[40m[2J[2H[3H[4C[0;1mWelcome to Pit Fiend's Adventure Volume II, "The Rage of Pit Fiend".[4H    This warning comes up to you once when you first start the game to[5H    notify of you the following things:[6H[7H[7C1)  It is INCREDIBLY importa[s
[unt that you have read PIT2DOCS.TXT[8H[11Cincluded in the PIT FIEND II package.  Ask your sysop to[9H[11Callow you to download it.....[10H[11H[7C2)  This game is very detailed and will take MANY calls to[12H[11Ccomplete.  It is important to [s
[unote that you may need to[13H[11Cuse a notebook to play.[14H[15H[16H[22CÚÄÄÄÄÄÄÄÄÄÄÄÄÄÄÄÄÄÄÄÄÄÄÄÄÄÄÄÄ¿[17H[22C³ -= Thanks --- Pit Fiend =- ³[18H[22CÀÄÄÄÄÄÄÄÄÄÄÄÄÄÄÄÄÄÄÄÄÄÄÄÄÄÄÄÄÙ[19H*[20H[21H[22H[23H[0m
