[40m[2J[2H[3H[5C[0;35mษออออออออออออออออออป[32mษอออออออออออออออออป[1;34mษอออออออออออออออออออป[4H[5C[0;35mบ [1;33m8 [37m= Move North   [0;35mบ[32mบ [1;33mV [37m= View Char   [0;32mบ[1;34mบ  [31mHPS:[13C[34mบ[5H[5C[0;35mบ [1;33m4[s
[u [37m= Move West    [0;35mบ[32mบ [1;33mX [37m= X-ray (Any) [0;32mบ[1;34mบ  [31mGPS:[13C[34mบ[6H[5C[0;35mบ [1;33m6 [37m= Move East    [0;35mบ[32mบ [1;33mZ [37m= Char. Func. [0;32mบ[1;34mบ  [31mMPS:[13C[34mบ[7H[5C[0;35mบ [s
[u[1;33m2 [37m= Move South   [0;35mบ[32mศอออออออออออออออออผ[1;34mบ   [31mAC:[13C[34mบ[8H[5C[0;35mบ [1;33mA [37m= Automap[6C[0;35mบ   [1;36mษออออออออออออป  [34mบ  [31mLOX:[13C[34mบ[9H[5C[0;35mบ [1;33mC [37m= Camp[9C[0;35mบ   [s
[u[1;36mบ[12Cบ  [34mบ  [31mLOY:[13C[34mบ[10H[5C[0;35mบ [1;33mF [37m= Fast-Mode    [0;35mบ   [1;36mบ[12Cบ  [34mบ  [31mFOD:[13C[34mบ[11H[5C[0;35mบ [1;33mH [37m= Hunt[9C[0;35mบ   [1;36mบ[12Cบ  [34mบ  [31mMVS:[13C[34mบ[12H[s
[u[5C[0;35mบ [1;33mI [37m= Inspect[6C[0;35mบ   [1;36mบ[12Cบ  [34mบ  [31mACT:[13C[34mบ[13H[5C[0;35mบ [1;33mQ [37m= Quit and Save[0;35mบ   [1;36mบ[12Cบ  [34mศอออออออออออออออออออผ[14H[5C[0;35mบ [1;33mR [37m= Use Ring[5C[0;35mบ[s
[u   [1;36mบ[12Cบ[15H[5C[0;35mบ [1;33mS [37m= Save Game    [0;35mบ   [1;36mบ[12Cบ[16H[5C[0;35mบ [1;33mU [37m= Use Potion   [0;35mบ   [1;36mศออออออออออออผ[17H[5C[0;35mศออออออออออออออออออผ[18H[19H[20H[21H[22H[23H[0m
