

#  Potion Name          --  Cost in GPS  -- In Your Possession


1.  Potion of Healing        25 Gps
2.  Spellpoint Restoration   25 Gps
3.  Pit Fiend Strength       75 Gps
4.  Loran Intelligence       75 Gps
5.  Elven Luck               75 Gps
6.  Thieving Dexterity       75 Gps
7.  Time Delay (+50 Moves)  500 Gps
8.  Liquid Speed            500 Gps
9.  X-Ray Vision            100 Gps
*







