[2J[2H[3H[4H[5H[28C[0;1;37;40m-= [0;33mCONGRATULATIONS [1;37m=-[6H[7H     You have defeated the Evil Pit Fiend and his demoness Lady Linda.[8H  The world of Californica has been saved from his terrible domain.[9H[10H     Pit Fiend's Body [s
[udisolves into smoke and vapor and the same for[11H  Lady Linda, who should no longer be a lady!  You smile as head out[12H  towards the red sunset back to Scottsville.[13H[14H  [36mÄÄÄÄÄÄÄÄÄÄÄÄÄÄÄÄÄÄÄÄÄÄÄÄÄÄÄÄÄÄÄÄÄÄÄÄÄÄÄÄÄÄÄÄÄÄÄÄÄÄÄÄÄÄÄÄÄÄÄÄÄÄÄ[s
[uÄÄÄÄÄÄ[15H[16H[6C[33mYour Character has a special igsignia stored in the character.  This[17H   will allow your character to continue (with some modification) in PF3.[18H[19H[6CNow you may continue to play but more than likely there is very [s
[ulittle[20H   to do.  You may hit 'Z' to destroy you character and play again, but[21H   be sure you get a copy of your character to continue in PF3.[22H[23H[27CCongrats, [35mPit Fiend [0;36mand [1;31mLukas![0m
