[40m[2J[2H[3H[29C[0;1m-=[0;31mDONATIONS[1;37m=-[4H[5H[20C[33mAll Donations in excess of $5.00[6H[27Cshould be sent to:[7H[8H[19C[32mÚÄÄÄÄÄÄÄÄÄÄÄÄÄÄÄÄÄÄÄÄÄÄÄÄÄÄÄÄÄÄÄÄ¿[9H[19C³[7C[34mCommunity Helpline[7C[32m³[10H[19C³[9C[36mP[s
[u.O. Box 2053[10C[32m³[11H[19C³ [36mPalos Verdes Estates, CA 90274 [32m³[12H[19C³[13C[36mUSA[16C[32m³[13H[19CÀÄÄÄÄÄÄÄÄÄÄÄÄÄÄÄÄÄÄÄÄÄÄÄÄÄÄÄÄÄÄÄÄÙ[14H[15H[20C[33mAll Donations are Tax Deductable![16H[17H[18H[20C[31m(SEE RULES.DOC [s
[uFILE FOR DETAILS!)[19H[16C[36m(SO THAT YOU CAN GET MORE MOVES PER DAY)[20H[21H[22H[23H[0m
