[40m[2J[2H[31C[0;1m-=[0;31mCREDITS[1;37m=-[3H[4H[5H[15C[0;31mCREATORS...................... [1;33mPIT FIEND [31m(19 @ 2350)[6H[46C[33mLUKAS[5C[31m(WWIV NET)[7H[8H[15C[0;31mBETA TESTING.................. [1;36mHz Castle[9H[10H[s
[u[22C[0;33mPIT FIEND'S ADVENTURE - VOLUME V[11H[26C[1;36m"Flight of the Dragons"[12H[31C[33mCopyright 1991[13H[14H[26C[37mUnregistered Version A[15H[16H[10C[33mThis game be distributed freely in UNMODIFIED form freely.[17H[18H[19H
[20H[21H[22H[23H[0m
