[40m[2J[2H[31C[0;1m-=[0;31mCREDITS[1;37m=-[3H[4H[5H[15C[0;31mCREATORS...................... [1;33mPIT FIEND [37m(42 @3098)[6H[7H[15C[0;31mBETA TESTING.................. [1;36mHz Castle BBS[8H[46CEyes of the World BBS[9H[10H[21C[s
[u[0;33mPIT FIEND'S ADVENTURE - VOLUME III[11H[32C[1;36m"Angel"[12H[29C[33mCopyright 1990[13H[14H[15H[24C[37mREGISTERED VERSION:  A.3[16H[14C[33mRegistered to:  Decathalon BBS (900) 370-2727[17H[18H[19H[20H[21H[22H[23H[0m
