[40m[2J[30C[0;1m-=[0;31mCREDITS[1;37m=-[2H[3H[4H[12C[0;31mCREATORS......................[1;33mPIT FIEND (19 @2350)[5H[42CLONEWOLF[6H[42CLUKAS[7H[8H[12C[0;31mTHOSE WHO ASSISTED:...........[1;32mJACK OF SPADES[9H[42CSLYSLOP[10H
[11H[12C[0;31mSPECIAL THANKS TO:............[1;37mCIRCUS MAXIMUS[12H[42CCASTLE KZIN[13H[25C[0;33mPIT FIEND'S ADVENTURE (C)[14H[12C[1;31mEnhanced Version:  [33mBattleMech BBS (604) 431-3983[15H[30C[0;33mCOPYRIGHT 1990[16H[14C[1;32mThi[s
[us game is dedicated to the fondest memories of:[17H[34C[33mMike[18H[19H[20H[21H[22H[23H[0m
